\! sh sql/backup_restore.sh
CREATE TABLESPACE
CREATE DATABASE
# of deleted backups
0
full database backup
CHECKPOINT
differential database backup
CHECKPOINT
CHECKPOINT
stop DB during running pgbench
full database backup after recovery
CHECKPOINT
# of symbolic links in ARCLOG_PATH
0
# of recovery target option in recovery.conf
3
# of deleted backups (show all)
4
# of deleted backups
0
delete backup
# of deleted backups
4
# of deleted backups
8
